node.exe : Cannot use 
'progress-bar' formatter 
for output to 'stdout' as 
not a TTY. Switching to 
'progress' formatter.
At line:1 char:1
+ & "C:\Program 
Files\nodejs/node.exe" 
"C:\Program 
Files\nodejs/node_mo ...
+ ~~~~~~~~~~~~~~~~~~~~~~~~~~
~~~~~~~~~~~~~~~~~~~~~~~~~~~~
~~~~~~~~~~~~~~~
    + CategoryInfo          
    : NotSpecified: (Canno  
  t use 'pro...ess' forma   
 tter.:String) [], Remot    
eException
    + FullyQualifiedErrorId 
    : NativeCommandError
 
.....F-....................................

Failures:

1) Scenario: Successful login with valid credentials # features\login.feature:10
   ΓêÜ Before # file:\C:\Users\Admin\Desktop\svv\tests\step-definitions\login.steps.ts:9
   ΓêÜ Given I am on the login page # file:\C:\Users\Admin\Desktop\svv\tests\step-definitions\login.steps.ts:18
   ΓêÜ When I enter "admin" as username # file:\C:\Users\Admin\Desktop\svv\tests\step-definitions\login.steps.ts:22
   ΓêÜ And I enter "password123" as password # file:\C:\Users\Admin\Desktop\svv\tests\step-definitions\login.steps.ts:26
   ΓêÜ And I click the login button # file:\C:\Users\Admin\Desktop\svv\tests\step-definitions\login.steps.ts:30
   ├ù Then I should see "Login successful" # file:\C:\Users\Admin\Desktop\svv\tests\step-definitions\login.steps.ts:34
       locator.waitFor: Timeout 30000ms exceeded.
       Call log:
       [2m  - waiting for locator('#message-box') to be visible[22m

           at World.<anonymous> (C:\Users\Admin\Desktop\svv\tests\step-definitions\login.steps.ts:37:21)
   - And I should be redirected to the dashboard # file:\C:\Users\Admin\Desktop\svv\tests\step-definitions\login.steps.ts:42
   ΓêÜ After # file:\C:\Users\Admin\Desktop\svv\tests\step-definitions\login.steps.ts:14

6 scenarios (1 failed, 5 passed)
31 steps (1 failed, 1 skipped, 29 passed)
0m47.597s (executing steps: 0m42.873s)
